// Jest Snapshot v1, https://goo.gl/fbAQLP

exports[`Checkbox render Checkbox component 1`] = `ShallowWrapper {}`;
