// Jest Snapshot v1, https://goo.gl/fbAQLP

exports[`Input render Input component 1`] = `ShallowWrapper {}`;
