// Jest Snapshot v1, https://goo.gl/fbAQLP

exports[`InputError render InputError component 1`] = `ShallowWrapper {}`;
